// Jest Snapshot v1, https://goo.gl/fbAQLP

exports[`App Component matches the snapshot 1`] = `
<div
  className="App"
>
  <p>
    Count: 
    0
  </p>
  <button
    className="increment"
    onClick={[Function]}
  >
    Increment Count
  </button>
  <button
    className="reset"
    onClick={[Function]}
  >
    Reset Count
  </button>
</div>
`;
